#
# There is insufficient memory for the Java Runtime Environment to continue.
# Native memory allocation (mmap) failed to map 257949696 bytes. Error detail: G1 virtual space
# Possible reasons:
#   The system is out of physical RAM or swap space
#   This process is running with CompressedOops enabled, and the Java Heap may be blocking the growth of the native heap
# Possible solutions:
#   Reduce memory load on the system
#   Increase physical memory or swap space
#   Check if swap backing store is full
#   Decrease Java heap size (-Xmx/-Xms)
#   Decrease number of Java threads
#   Decrease Java thread stack sizes (-Xss)
#   Set larger code cache with -XX:ReservedCodeCacheSize=
#   JVM is running with Zero Based Compressed Oops mode in which the Java heap is
#     placed in the first 32GB address space. The Java Heap base address is the
#     maximum limit for the native heap growth. Please use -XX:HeapBaseMinAddress
#     to set the Java Heap base and to place the Java Heap above 32GB virtual address.
# This output file may be truncated or incomplete.
#
#  Out of Memory Error (os_windows.cpp:3925), pid=4976, tid=11480
#
# JRE version:  (21.0.8) (build )
# Java VM: OpenJDK 64-Bit Server VM (21.0.8+-14196175-b1038.72, mixed mode, sharing, tiered, compressed oops, compressed class ptrs, g1 gc, windows-amd64)
# No core dump will be written. Minidumps are not enabled by default on client versions of Windows
#

---------------  S U M M A R Y ------------

Command Line: git4idea.http.GitAskPassApp Username for 'https://github.com': 

Host: AMD Ryzen 5 5500U with Radeon Graphics         , 12 cores, 15G,  Windows 10 , 64 bit Build 19041 (10.0.19041.5915)
Time: Mon Apr 27 22:53:02 2026 West Asia Standard Time elapsed time: 0.015026 seconds (0d 0h 0m 0s)

---------------  T H R E A D  ---------------

Current thread (0x000001c9c21723e0):  JavaThread "Unknown thread" [_thread_in_vm, id=11480, stack(0x0000008bc7400000,0x0000008bc7500000) (1024K)]

Stack: [0x0000008bc7400000,0x0000008bc7500000]
Native frames: (J=compiled Java code, j=interpreted, Vv=VM code, C=native code)
V  [jvm.dll+0x6d68d9]
V  [jvm.dll+0x866693]
V  [jvm.dll+0x868c4e]
V  [jvm.dll+0x869333]
V  [jvm.dll+0x280566]
V  [jvm.dll+0x6d3195]
V  [jvm.dll+0x6c69ea]
V  [jvm.dll+0x3586db]
V  [jvm.dll+0x360336]
V  [jvm.dll+0x3b23f6]
V  [jvm.dll+0x3b26c8]
V  [jvm.dll+0x32ae6c]
V  [jvm.dll+0x32bb5b]
V  [jvm.dll+0x82e109]
V  [jvm.dll+0x3bf5c8]
V  [jvm.dll+0x817388]
V  [jvm.dll+0x453b6e]
V  [jvm.dll+0x4552d1]
C  [jli.dll+0x52ab]
C  [ucrtbase.dll+0x21bb2]
C  [KERNEL32.DLL+0x17374]
C  [ntdll.dll+0x4cc91]


---------------  P R O C E S S  ---------------

Threads class SMR info:
_java_thread_list=0x00007ffeb15eb988, length=0, elements={
}

Java Threads: ( => current thread )
Total: 0

Other Threads:
  0x000001c9c43df060 WorkerThread "GC Thread#0"                     [id=12292, stack(0x0000008bc7500000,0x0000008bc7600000) (1024K)]
  0x000001c9c43f0710 ConcurrentGCThread "G1 Main Marker"            [id=10384, stack(0x0000008bc7600000,0x0000008bc7700000) (1024K)]
  0x000001c9c43f1210 WorkerThread "G1 Conc#0"                       [id=5148, stack(0x0000008bc7700000,0x0000008bc7800000) (1024K)]

[error occurred during error reporting (printing all threads), id 0xc0000005, EXCEPTION_ACCESS_VIOLATION (0xc0000005) at pc=0x00007ffeb0ddddd7]
VM state: not at safepoint (not fully initialized)

VM Mutex/Monitor currently owned by a thread:  ([mutex/lock_event])
[0x00007ffeb16586b8] Heap_lock - owner thread: 0x000001c9c21723e0

Heap address: 0x000000070ac00000, size: 3924 MB, Compressed Oops mode: Zero based, Oop shift amount: 3

CDS archive(s) mapped at: [0x0000000000000000-0x0000000000000000-0x0000000000000000), size 0, SharedBaseAddress: 0x0000000800000000, ArchiveRelocationMode: 1.
Narrow klass base: 0x0000000000000000, Narrow klass shift: 0, Narrow klass range: 0x0

GC Precious Log:
 CardTable entry size: 512
 Card Set container configuration: InlinePtr #cards 4 size 8 Array Of Cards #cards 16 size 48 Howl #buckets 8 coarsen threshold 3686 Howl Bitmap #cards 512 size 80 coarsen threshold 460 Card regions per heap region 1 cards per card region 4096

Heap:
 garbage-first heap   total 0K, used 0K [0x000000070ac00000, 0x0000000800000000)
  region size 2048K, 0 young (0K), 0 survivors (0K)
 Metaspace       used 0K, committed 0K, reserved 0K
  class space    used 0K, committed 0K, reserved 0K

Heap Regions: E=young(eden), S=young(survivor), O=old, HS=humongous(starts), HC=humongous(continues), CS=collection set, F=free, TAMS=top-at-mark-start, PB=parsable bottom

Card table byte_map: [0x000001c9d71e0000,0x000001c9d7990000] _byte_map_base: 0x000001c9d398a000

Marking Bits: (CMBitMap*) 0x000001c9c43df760
 Bits: [0x000001c9d7990000, 0x000001c9db6e0000)

GC Heap History (0 events):
No events

Dll operation events (1 events):
Event: 0.011 Loaded shared library C:\Program Files\Android\Android Studio\jbr\bin\java.dll

Deoptimization events (0 events):
No events

Classes loaded (0 events):
No events

Classes unloaded (0 events):
No events

Classes redefined (0 events):
No events

Internal exceptions (0 events):
No events

ZGC Phase Switch (0 events):
No events

VM Operations (0 events):
No events

Memory protections (0 events):
No events

Nmethod flushes (0 events):
No events

Events (0 events):
No events


Dynamic libraries:
0x00007ff6d1720000 - 0x00007ff6d172a000 	C:\Program Files\Android\Android Studio\jbr\bin\java.exe
0x00007fff11450000 - 0x00007fff11648000 	C:\Windows\SYSTEM32\ntdll.dll
0x00007fff0fbb0000 - 0x00007fff0fc72000 	C:\Windows\System32\KERNEL32.DLL
0x00007fff0ed90000 - 0x00007fff0f086000 	C:\Windows\System32\KERNELBASE.dll
0x00007fff0f090000 - 0x00007fff0f190000 	C:\Windows\System32\ucrtbase.dll
0x00007fff0a0b0000 - 0x00007fff0a0cb000 	C:\Program Files\Android\Android Studio\jbr\bin\VCRUNTIME140.dll
0x00007fff09440000 - 0x00007fff09458000 	C:\Program Files\Android\Android Studio\jbr\bin\jli.dll
0x00007fff110f0000 - 0x00007fff11291000 	C:\Windows\System32\USER32.dll
0x00007ffef7340000 - 0x00007ffef75db000 	C:\Windows\WinSxS\amd64_microsoft.windows.common-controls_6595b64144ccf1df_6.0.19041.6456_none_60b8a6cb71f64256\COMCTL32.dll
0x00007fff0f190000 - 0x00007fff0f1b2000 	C:\Windows\System32\win32u.dll
0x00007fff10850000 - 0x00007fff108ee000 	C:\Windows\System32\msvcrt.dll
0x00007fff0f8b0000 - 0x00007fff0f8db000 	C:\Windows\System32\GDI32.dll
0x00007fff0f350000 - 0x00007fff0f469000 	C:\Windows\System32\gdi32full.dll
0x00007fff0eae0000 - 0x00007fff0eb7d000 	C:\Windows\System32\msvcp_win.dll
0x00007fff0f8e0000 - 0x00007fff0f90f000 	C:\Windows\System32\IMM32.DLL
0x00007fff0b8e0000 - 0x00007fff0b8ec000 	C:\Program Files\Android\Android Studio\jbr\bin\vcruntime140_1.dll
0x00007ffeaaba0000 - 0x00007ffeaac2d000 	C:\Program Files\Android\Android Studio\jbr\bin\msvcp140.dll
0x00007ffeb0aa0000 - 0x00007ffeb1736000 	C:\Program Files\Android\Android Studio\jbr\bin\server\jvm.dll
0x00007fff0f910000 - 0x00007fff0f9c1000 	C:\Windows\System32\ADVAPI32.dll
0x00007fff11370000 - 0x00007fff1140f000 	C:\Windows\System32\sechost.dll
0x00007fff10730000 - 0x00007fff10850000 	C:\Windows\System32\RPCRT4.dll
0x00007fff0f1c0000 - 0x00007fff0f1e7000 	C:\Windows\System32\bcrypt.dll
0x00007fff0fa00000 - 0x00007fff0fa6b000 	C:\Windows\System32\WS2_32.dll
0x00007fff0e890000 - 0x00007fff0e8db000 	C:\Windows\SYSTEM32\POWRPROF.dll
0x00007fff0ca30000 - 0x00007fff0ca3a000 	C:\Windows\SYSTEM32\VERSION.dll
0x00007fff02840000 - 0x00007fff02867000 	C:\Windows\SYSTEM32\WINMM.dll
0x00007fff0e870000 - 0x00007fff0e882000 	C:\Windows\SYSTEM32\UMPDC.dll
0x00007fff0d2f0000 - 0x00007fff0d302000 	C:\Windows\SYSTEM32\kernel.appcore.dll
0x00007fff0a0a0000 - 0x00007fff0a0aa000 	C:\Program Files\Android\Android Studio\jbr\bin\jimage.dll
0x00007fff06010000 - 0x00007fff06211000 	C:\Windows\SYSTEM32\DBGHELP.DLL
0x00007ffef7c10000 - 0x00007ffef7c44000 	C:\Windows\SYSTEM32\dbgcore.DLL
0x00007fff0f1f0000 - 0x00007fff0f272000 	C:\Windows\System32\bcryptPrimitives.dll
0x00007fff09f50000 - 0x00007fff09f70000 	C:\Program Files\Android\Android Studio\jbr\bin\java.dll

JVMTI agents: none

dbghelp: loaded successfully - version: 4.0.5 - missing functions: none
symbol engine: initialized successfully - sym options: 0x614 - pdb path: .;C:\Program Files\Android\Android Studio\jbr\bin;C:\Windows\SYSTEM32;C:\Windows\WinSxS\amd64_microsoft.windows.common-controls_6595b64144ccf1df_6.0.19041.6456_none_60b8a6cb71f64256;C:\Program Files\Android\Android Studio\jbr\bin\server

VM Arguments:
java_command: git4idea.http.GitAskPassApp Username for 'https://github.com': 
java_class_path (initial): C:/Program Files/Android/Android Studio/plugins/vcs-git/lib/git4idea-rt.jar;C:/Program Files/Android/Android Studio/lib/externalProcess-rt.jar
Launcher Type: SUN_STANDARD

[Global flags]
     intx CICompilerCount                          = 4                                         {product} {ergonomic}
     uint ConcGCThreads                            = 3                                         {product} {ergonomic}
     uint G1ConcRefinementThreads                  = 10                                        {product} {ergonomic}
   size_t G1HeapRegionSize                         = 2097152                                   {product} {ergonomic}
    uintx GCDrainStackTargetSize                   = 64                                        {product} {ergonomic}
   size_t InitialHeapSize                          = 257949696                                 {product} {ergonomic}
   size_t MarkStackSize                            = 4194304                                   {product} {ergonomic}
   size_t MaxHeapSize                              = 4114612224                                {product} {ergonomic}
   size_t MinHeapDeltaBytes                        = 2097152                                   {product} {ergonomic}
   size_t MinHeapSize                              = 8388608                                   {product} {ergonomic}
    uintx NonNMethodCodeHeapSize                   = 5839372                                {pd product} {ergonomic}
    uintx NonProfiledCodeHeapSize                  = 122909434                              {pd product} {ergonomic}
    uintx ProfiledCodeHeapSize                     = 122909434                              {pd product} {ergonomic}
    uintx ReservedCodeCacheSize                    = 251658240                              {pd product} {ergonomic}
     bool SegmentedCodeCache                       = true                                      {product} {ergonomic}
   size_t SoftMaxHeapSize                          = 4114612224                             {manageable} {ergonomic}
     bool UseCompressedOops                        = true                           {product lp64_product} {ergonomic}
     bool UseG1GC                                  = true                                      {product} {ergonomic}
     bool UseLargePagesIndividualAllocation        = false                                  {pd product} {ergonomic}

Logging:
Log output configuration:
 #0: stdout all=warning uptime,level,tags foldmultilines=false
 #1: stderr all=off uptime,level,tags foldmultilines=false

Environment Variables:
PATH=C:\Program Files\Git\mingw64\libexec\git-core;C:\Program Files\Git\mingw64\libexec\git-core;C:\Program Files\Git\mingw64\bin;C:\Program Files\Git\usr\bin;C:\Users\Muhammad\bin;C:\Program Files (x86)\VMware\VMware Workstation\bin;C:\Windows\system32;C:\Windows;C:\Windows\System32\Wbem;C:\Windows\System32\WindowsPowerShell\v1.0;C:\Windows\System32\OpenSSH;C:\ProgramData\chocolatey\bin;C:\Program Files\Git\cmd;C:\Program Files\nodejs;C:\Users\Muhammad\AppData\Local\Programs\Python\Python313\Scripts;C:\Users\Muhammad\AppData\Local\Programs\Python\Python313;C:\Users\Muhammad\AppData\Local\Programs\Python\Python312\Scripts;C:\Users\Muhammad\AppData\Local\Programs\Python\Python312;C:\Users\Muhammad\AppData\Local\Programs\Python\Launcher;C:\Users\Muhammad\AppData\Local\Microsoft\WindowsApps;C:\Program Files\JetBrains\IntelliJ IDEA Community Edition 2023.2.5\bin;C:\Users\Muhammad\AppData\Local\Programs\Microsoft VS Code\bin;C:\Users\Muhammad\AppData\Local\Programs\Antigravity\bin;C:\Users\Muhammad\AppData\Roaming\npm
USERNAME=Muhammad
DISPLAY=:0.0
LC_ALL=en_US.UTF-8
TERM=xterm-256color
TMPDIR=C:\Users\Muhammad\AppData\Local\Temp
OS=Windows_NT
PROCESSOR_IDENTIFIER=AMD64 Family 23 Model 104 Stepping 1, AuthenticAMD
TMP=C:\Users\Muhammad\AppData\Local\Temp
TEMP=C:\Users\Muhammad\AppData\Local\Temp




Periodic native trim disabled

JNI global refs:
JNI global refs: 0, weak refs: 0

JNI global refs memory usage: 0, weak refs: 0

Process memory usage:
Resident Set Size: 10880K (0% of 16070328K total physical memory with 2199428K free physical memory)

OOME stack traces (most recent first):
Classloader memory used:

---------------  S Y S T E M  ---------------

OS:
 Windows 10 , 64 bit Build 19041 (10.0.19041.5915)
OS uptime: 0 days 0:40 hours

CPU: total 12 (initial active 12) (12 cores per cpu, 2 threads per core) family 23 model 104 stepping 1 microcode 0x0, cx8, cmov, fxsr, ht, mmx, 3dnowpref, sse, sse2, sse3, ssse3, sse4a, sse4.1, sse4.2, popcnt, lzcnt, tsc, tscinvbit, avx, avx2, aes, clmul, bmi1, bmi2, adx, sha, fma, vzeroupper, clflush, clflushopt, rdtscp, rdpid, f16c
Processor Information for the first 12 processors :
  Max Mhz: 2100, Current Mhz: 2100, Mhz Limit: 2100

Memory: 4k page, system-wide physical 15693M (2147M free)
TotalPageFile size 15693M (AvailPageFile size 238M)
current process WorkingSet (physical memory assigned to process): 10M, peak: 10M
current process commit charge ("private bytes"): 64M, peak: 310M

vm_info: OpenJDK 64-Bit Server VM (21.0.8+-14196175-b1038.72) for windows-amd64 JRE (21.0.8+-14196175-b1038.72), built on 2025-10-01T10:24:33Z by "builder" with MS VC++ 16.10 / 16.11 (VS2019)

END.
